2025-04-10 15:15:57.168484 - Received SBGOLOB.CBT509.FILE1059 from FILE1059.XMI 
2025-04-10 15:15:57.170284 - Found $$$#DATE.txt (text/plain) in SBGOLOB.CBT509.FILE1059, moved to PDS/$$$#DATE
2025-04-10 15:15:57.170588 - Found #INDEX.txt (text/plain) in SBGOLOB.CBT509.FILE1059, moved to PDS/#INDEX
2025-04-10 15:15:57.170915 - Found @FIL1059.txt (text/plain) in SBGOLOB.CBT509.FILE1059, moved to PDS/@FIL1059
2025-04-10 15:15:57.171003 - Found @OVRVIEW.txt (text/plain) in SBGOLOB.CBT509.FILE1059, moved to PDS/@OVRVIEW
2025-04-10 15:15:57.171364 - Found ADDROOT.rexx (text/plain) in SBGOLOB.CBT509.FILE1059, moved to PDS/ADDROOT
2025-04-10 15:15:57.171484 - Found BRTHDAYS.rexx (text/plain) in SBGOLOB.CBT509.FILE1059, moved to PDS/BRTHDAYS
2025-04-10 15:15:57.171687 - Found DFLTTLIB.rexx (text/plain) in SBGOLOB.CBT509.FILE1059, moved to PDS/DFLTTLIB
2025-04-10 15:15:57.171959 - Found FAMTREE.rexx (text/plain) in SBGOLOB.CBT509.FILE1059, moved to PDS/FAMTREE
2025-04-10 15:15:57.172291 - Found FCCMDUPD.rexx (text/plain) in SBGOLOB.CBT509.FILE1059, moved to PDS/FCCMDUPD
2025-04-10 15:15:57.172415 - Found FLTTBL.rexx (text/plain) in SBGOLOB.CBT509.FILE1059, moved to PDS/FLTTBL
2025-04-10 15:15:57.172545 - Found FTIMPORT.rexx (text/plain) in SBGOLOB.CBT509.FILE1059, moved to PDS/FTIMPORT
2025-04-10 15:15:57.172716 - Found GENFT.rexx (text/plain) in SBGOLOB.CBT509.FILE1059, moved to PDS/GENFT
2025-04-10 15:15:57.173001 - Found HEADSUP.rexx (text/plain) in SBGOLOB.CBT509.FILE1059, moved to PDS/HEADSUP
2025-04-10 15:15:57.173151 - Found LA.rexx (text/plain) in SBGOLOB.CBT509.FILE1059, moved to PDS/LA
2025-04-10 15:15:57.173302 - Found ORDINAL.rexx (text/plain) in SBGOLOB.CBT509.FILE1059, moved to PDS/ORDINAL
2025-04-10 15:15:57.173441 - Found REORDER.rexx (text/plain) in SBGOLOB.CBT509.FILE1059, moved to PDS/REORDER
2025-04-10 15:15:57.173567 - Found RSTTBL.rexx (text/plain) in SBGOLOB.CBT509.FILE1059, moved to PDS/RSTTBL
2025-04-10 15:15:57.173759 - Found SHUFFLE.rexx (text/plain) in SBGOLOB.CBT509.FILE1059, moved to PDS/SHUFFLE
2025-04-10 15:15:57.173912 - Found STRSORT.rexx (text/plain) in SBGOLOB.CBT509.FILE1059, moved to PDS/STRSORT
2025-04-10 15:15:57.174175 - Found TBCOPY.rexx (text/plain) in SBGOLOB.CBT509.FILE1059, moved to PDS/TBCOPY
2025-04-10 15:15:57.174401 - Found TBLGEN.rexx (text/plain) in SBGOLOB.CBT509.FILE1059, moved to PDS/TBLGEN
2025-04-10 15:15:57.174703 - Found TBLMSTR.rexx (text/plain) in SBGOLOB.CBT509.FILE1059, moved to PDS/TBLMSTR
2025-04-10 15:15:57.174768 - Found TRAPOUT.rexx (text/plain) in SBGOLOB.CBT509.FILE1059, moved to PDS/TRAPOUT
